// Vitest Snapshot v1

exports[`LogoKartsAndCars > renders properly 1`] = `"<h1 class=\\"text-5xl\\"><span class=\\"text-primary font-faster\\">Karts</span><span class=\\"ml-2 mr-4 text-xl text-black\\">&amp;</span><span class=\\"text-secondary font-faster\\">Cars</span></h1>"`;
